Archive member included because of file (symbol)

C:\fehqt\Proteus/EWL/lib/armv7e-m\libc.a(sprintf.o)
                              Libraries\FEHLCD.o (sprintf)
C:\fehqt\Proteus/EWL/lib/armv7e-m\libc.a(vsnprintf.o)
                              C:\fehqt\Proteus/EWL/lib/armv7e-m\libc.a(sprintf.o) (vsnprintf)
C:\fehqt\Proteus/EWL/lib/armv7e-m\libc.a(exit.o)
                              Startup\__arm_start.o (exit)
C:\fehqt\Proteus/EWL/lib/armv7e-m\libc.a(memcpy.o)
                              C:\fehqt\Proteus/EWL/lib/armv7e-m\libc.a(vsnprintf.o) (memcpy)
C:\fehqt\Proteus/EWL/lib/armv7e-m\libc.a(memset.o)
                              Startup\__arm_start.o (memset)
C:\fehqt\Proteus/EWL/lib/armv7e-m\libc.a(strcmp.o)
                              Libraries\FEHLCD.o (strcmp)
C:\fehqt\Proteus/EWL/lib/armv7e-m\libc.a(strcpy.o)
                              Libraries\FEHLCD.o (strcpy)
C:\fehqt\Proteus/EWL/lib/armv7e-m\libc.a(strlen.o)
                              Libraries\FEHLCD.o (strlen)
C:\fehqt\Proteus/EWL/lib/armv7e-m\libc.a(printformat_.o)
                              (__pformatter_)
C:\fehqt\Proteus/EWL/lib/armv7e-m\libc.a(scanformat_.o)
                              (__sformatter)
C:\fehqt\Proteus/EWL/lib/armv7e-m\libc.a(ctype_aeabi.o)
                              C:\fehqt\Proteus/EWL/lib/armv7e-m\libc.a(scanformat_.o) (isspace)
C:\fehqt\Proteus/EWL/lib/armv7e-m\libc.a(__strtoul.o)
                              C:\fehqt\Proteus/EWL/lib/armv7e-m\libc.a(scanformat_.o) (__strtoul)
C:\fehqt\Proteus/EWL/lib/armv7e-m\libc.a(__filll_mem.o)
                              C:\fehqt\Proteus/EWL/lib/armv7e-m\libc.a(memset.o) (__fill_mem)
C:\fehqt\Proteus/EWL/lib/armv7e-m\libc.a(memchr.o)
                              C:\fehqt\Proteus/EWL/lib/armv7e-m\libc.a(printformat_.o) (memchr)
C:\fehqt\Proteus/EWL/lib/armv7e-m\libc.a(strchr.o)
                              C:\fehqt\Proteus/EWL/lib/armv7e-m\libc.a(printformat_.o) (strchr)
c:/fehqt/proteus/gcc/bin/../lib/gcc/arm-none-eabi/4.6.2/armv7e-m\libgcc.a(_arm_addsubdf3.o)
                              ..\main.o (__aeabi_dsub)
c:/fehqt/proteus/gcc/bin/../lib/gcc/arm-none-eabi/4.6.2/armv7e-m\libgcc.a(_arm_muldivdf3.o)
                              ..\main.o (__aeabi_dmul)
c:/fehqt/proteus/gcc/bin/../lib/gcc/arm-none-eabi/4.6.2/armv7e-m\libgcc.a(_arm_cmpdf2.o)
                              ..\main.o (__aeabi_dcmplt)
c:/fehqt/proteus/gcc/bin/../lib/gcc/arm-none-eabi/4.6.2/armv7e-m\libgcc.a(_arm_fixdfsi.o)
                              Libraries\FEHMotor.o (__aeabi_d2iz)
c:/fehqt/proteus/gcc/bin/../lib/gcc/arm-none-eabi/4.6.2/armv7e-m\libgcc.a(_arm_fixunsdfsi.o)
                              Libraries\FEHUtility.o (__aeabi_d2uiz)
c:/fehqt/proteus/gcc/bin/../lib/gcc/arm-none-eabi/4.6.2/armv7e-m\libgcc.a(_arm_truncdfsf2.o)
                              ..\main.o (__aeabi_d2f)
c:/fehqt/proteus/gcc/bin/../lib/gcc/arm-none-eabi/4.6.2/armv7e-m\libgcc.a(_arm_addsubsf3.o)
                              Libraries\FEHLCD.o (__aeabi_fsub)
c:/fehqt/proteus/gcc/bin/../lib/gcc/arm-none-eabi/4.6.2/armv7e-m\libgcc.a(_arm_muldivsf3.o)
                              ..\main.o (__aeabi_fmul)
c:/fehqt/proteus/gcc/bin/../lib/gcc/arm-none-eabi/4.6.2/armv7e-m\libgcc.a(_arm_cmpsf2.o)
                              Libraries\FEHServo.o (__aeabi_fcmpeq)
c:/fehqt/proteus/gcc/bin/../lib/gcc/arm-none-eabi/4.6.2/armv7e-m\libgcc.a(_arm_fixsfsi.o)
                              ..\main.o (__aeabi_f2iz)
c:/fehqt/proteus/gcc/bin/../lib/gcc/arm-none-eabi/4.6.2/armv7e-m\libgcc.a(_arm_fixunssfsi.o)
                              Drivers\mcg.o (__aeabi_f2uiz)
C:\fehqt\Proteus/EWL/lib/armv7e-m\librt.a(gcc_ctor_dtor.o)
                              Startup\__arm_start.o (__init_cpp)
C:\fehqt\Proteus/EWL/lib/armv7e-m\librt.a(ROMCopy.o)
                              Startup\__arm_start.o (__copy_rom_sections_to_ram)
C:\fehqt\Proteus/EWL/lib/armv7e-m\librt.a(__arm_eabi_init.o)
                              C:\fehqt\Proteus/EWL/lib/armv7e-m\libc.a(exit.o) (__destroy_global_chain)
C:\fehqt\Proteus/EWL/lib/armv7e-m\librt.a(New.o)
                              Libraries\FEHIO.o (operator new(unsigned int))
c:/fehqt/proteus/gcc/bin/../lib/gcc/arm-none-eabi/4.6.2/../../../../arm-none-eabi/lib/armv7e-m\libsupc++.a(class_type_info.o)
                              C:\fehqt\Proteus/EWL/lib/armv7e-m\librt.a(New.o) (vtable for __cxxabiv1::__class_type_info)
c:/fehqt/proteus/gcc/bin/../lib/gcc/arm-none-eabi/4.6.2/../../../../arm-none-eabi/lib/armv7e-m\libsupc++.a(eh_alloc.o)
                              C:\fehqt\Proteus/EWL/lib/armv7e-m\librt.a(New.o) (__cxa_allocate_exception)
c:/fehqt/proteus/gcc/bin/../lib/gcc/arm-none-eabi/4.6.2/../../../../arm-none-eabi/lib/armv7e-m\libsupc++.a(eh_arm.o)
                              C:\fehqt\Proteus/EWL/lib/armv7e-m\librt.a(New.o) (__cxa_end_cleanup)
c:/fehqt/proteus/gcc/bin/../lib/gcc/arm-none-eabi/4.6.2/../../../../arm-none-eabi/lib/armv7e-m\libsupc++.a(eh_aux_runtime.o)
[...]
Memory Configuration

Name             Origin             Length             Attributes
m_interrupts     0x0000c000         0x00000400         xr
m_cfmprotrom     0x0000c400         0x00000010         xr
m_text           0x0000c410         0x00073bf0         xr
m_data           0x1fff0400         0x0000fc00         xrw
m_data2          0x20000000         0x00010000         xrw
*default*        0x00000000         0xffffffff

Linker script and memory map

LOAD ..\main.o
LOAD Startup\__arm_start.o
LOAD Startup\__arm_end.o
LOAD Startup\kinetis_sysinit.o
LOAD Libraries\FEHMotor.o
LOAD Drivers\mcg.o
LOAD Drivers\i2c.o
LOAD Drivers\spi.o
LOAD Drivers\uart.o
LOAD Drivers\ff.o
LOAD Drivers\SDHC.o
LOAD Drivers\lptmr.o
LOAD FEHProteus.o
LOAD Drivers\FEHPropeller.o
LOAD Libraries\FEHUtility.o
LOAD Libraries\FEHIO.o
LOAD Drivers\adc16.o
LOAD Libraries\FEHBuzzer.o
LOAD Libraries\FEHServo.o
LOAD Libraries\FEHLCD.o
LOAD Libraries\FEHAccel.o
LOAD Libraries\FEHBattery.o
LOAD Drivers\FEHXBee.o
LOAD Libraries\FEHRPS.o
LOAD Libraries\FEHSD.o
                0x00013f54                __pformatter = __pformatter_
                [0x0001434c]                __sformatter = __sformatter
LOAD C:\fehqt\Proteus/EWL/lib/armv7e-m\libstdc++.a
LOAD C:\fehqt\Proteus/EWL/lib/armv7e-m\libm.a
START GROUP
LOAD C:\fehqt\Proteus/EWL/lib/armv7e-m\libc.a
LOAD C:\fehqt\Proteus/EWL/lib/armv7e-m\libc++.a
LOAD C:\fehqt\Proteus/EWL/lib/armv7e-m\libm.a
LOAD c:/fehqt/proteus/gcc/bin/../lib/gcc/arm-none-eabi/4.6.2/armv7e-m\libgcc.a
LOAD C:\fehqt\Proteus/EWL/lib/armv7e-m\librt.a
LOAD c:/fehqt/proteus/gcc/bin/../lib/gcc/arm-none-eabi/4.6.2/../../../../arm-none-eabi/lib/armv7e-m\libsupc++.a
END GROUP
                0x20000000                _estack = 0x20000000
                0x20000000                __SP_INIT = _estack
                0x00000800                __heap_size = 0x800
                0x00000800                __stack_size = 0x800

.interrupts     0x0000c000      0x1e0
                0x0000c000                __vector_table = .
                0x0000c000                . = ALIGN (0x4)
 *(.vectortable)
 .vectortable   0x0000c000      0x1e0 Startup\kinetis_sysinit.o
                0x0000c1e0                . = ALIGN (0x4)

.cfmprotect     0x0000c400        0x0
                0x0000c400                . = ALIGN (0x4)
 *(.cfmconfig)
                0x0000c400                . = ALIGN (0x4)

.text           0x0000c410     0x8f18
                0x0000c410                . = ALIGN (0x4)
 *(.text)
 .text          0x0000c410      0x370 c:/fehqt/proteus/gcc/bin/../lib/gcc/arm-none-eabi/4.6.2/armv7e-m\libgcc.a(_arm_addsubdf3.o)
                0x0000c410                __aeabi_drsub
                0x0000c418                __aeabi_dsub
                0x0000c418                __subdf3
                0x0000c41c                __aeabi_dadd
                0x0000c41c                __adddf3
                0x0000c694                __floatunsidf
                0x0000c694                __aeabi_ui2d
                0x0000c6b4                __floatsidf
                0x0000c6b4                __aeabi_i2d
                0x0000c6d8                __aeabi_f2d
                0x0000c6d8                __extendsfdf2
                0x0000c714                __floatundidf
                0x0000c714                __aeabi_ul2d
                0x0000c724                __floatdidf
                0x0000c724                __aeabi_l2d
 .text          0x0000c780      0x424 c:/fehqt/proteus/gcc/bin/../lib/gcc/arm-none-eabi/4.6.2/armv7e-m\libgcc.a(_arm_muldivdf3.o)
                0x0000c780                __aeabi_dmul
                0x0000c780                __muldf3
                0x0000c9d4                __divdf3
                0x0000c9d4                __aeabi_ddiv
 .text          0x0000cba4      0x110 c:/fehqt/proteus/gcc/bin/../lib/gcc/arm-none-eabi/4.6.2/armv7e-m\libgcc.a(_arm_cmpdf2.o)
                0x0000cba4                __gtdf2
                0x0000cba4                __gedf2
                0x0000cbac                __ltdf2
                0x0000cbac                __ledf2
                0x0000cbb4                __nedf2
                0x0000cbb4                __eqdf2
                0x0000cbb4                __cmpdf2
                0x0000cc30                __aeabi_cdrcmple
                0x0000cc40                __aeabi_cdcmpeq
                0x0000cc40                __aeabi_cdcmple
                0x0000cc50                __aeabi_dcmpeq
                0x0000cc64                __aeabi_dcmplt
                0x0000cc78                __aeabi_dcmple
                0x0000cc8c                __aeabi_dcmpge
                0x0000cca0                __aeabi_dcmpgt
 .text          0x0000ccb4       0x50 c:/fehqt/proteus/gcc/bin/../lib/gcc/arm-none-eabi/4.6.2/armv7e-m\libgcc.a(_arm_fixdfsi.o)
                0x0000ccb4                __aeabi_d2iz
                0x0000ccb4                __fixdfsi
 .text          0x0000cd04       0x40 c:/fehqt/proteus/gcc/bin/../lib/gcc/arm-none-eabi/4.6.2/armv7e-m\libgcc.a(_arm_fixunsdfsi.o)
                0x0000cd04                __aeabi_d2uiz
                0x0000cd04                __fixunsdfsi
 .text          0x0000cd44       0xa0 c:/fehqt/proteus/gcc/bin/../lib/gcc/arm-none-eabi/4.6.2/armv7e-m\libgcc.a(_arm_truncdfsf2.o)
                0x0000cd44                __truncdfsf2
                0x0000cd44                __aeabi_d2f
 .text          0x0000cde4      0x21c c:/fehqt/proteus/gcc/bin/../lib/gcc/arm-none-eabi/4.6.2/armv7e-m\libgcc.a(_arm_addsubsf3.o)
                0x0000cde4                __aeabi_frsub
                0x0000cdec                __subsf3
                0x0000cdec                __aeabi_fsub
                0x0000cdf0                __aeabi_fadd
                0x0000cdf0                __addsf3
                0x0000cf50                __aeabi_ui2f
                0x0000cf50                __floatunsisf
                0x0000cf58                __aeabi_i2f
                0x0000cf58                __floatsisf
                0x0000cf74                __aeabi_ul2f
                0x0000cf74                __floatundisf
                0x0000cf84                __aeabi_l2f
                0x0000cf84                __floatdisf
 .text          0x0000d000      0x2a0 c:/fehqt/proteus/gcc/bin/../lib/gcc/arm-none-eabi/4.6.2/armv7e-m\libgcc.a(_arm_muldivsf3.o)
                0x0000d000                __mulsf3
                0x0000d000                __aeabi_fmul
                0x0000d168                __aeabi_fdiv
                0x0000d168                __divsf3
 .text          0x0000d2a0       0xec c:/fehqt/proteus/gcc/bin/../lib/gcc/arm-none-eabi/4.6.2/armv7e-m\libgcc.a(_arm_cmpsf2.o)
                0x0000d2a0                __gesf2
                0x0000d2a0                __gtsf2
                0x0000d2a8                __lesf2
                0x0000d2a8                __ltsf2
                0x0000d2b0                __nesf2
                0x0000d2b0                __eqsf2
                0x0000d2b0                __cmpsf2
                0x0000d310                __aeabi_cfrcmple
                0x0000d318                __aeabi_cfcmpeq
                0x0000d318                __aeabi_cfcmple
                0x0000d328                __aeabi_fcmpeq
                0x0000d33c                __aeabi_fcmplt
                0x0000d350                __aeabi_fcmple
                0x0000d364                __aeabi_fcmpge
                0x0000d378                __aeabi_fcmpgt
 .text          0x0000d38c       0x4c c:/fehqt/proteus/gcc/bin/../lib/gcc/arm-none-eabi/4.6.2/armv7e-m\libgcc.a(_arm_fixsfsi.o)
                0x0000d38c                __aeabi_f2iz
                0x0000d38c                __fixsfsi
 .text          0x0000d3d8       0x40 c:/fehqt/proteus/gcc/bin/../lib/gcc/arm-none-eabi/4.6.2/armv7e-m\libgcc.a(_arm_fixunssfsi.o)
                0x0000d3d8                __fixunssfsi
                0x0000d3d8                __aeabi_f2uiz
 *(.text*)
 .text._Z9calcTicksf
                0x0000d418       0x40 ..\main.o
                0x0000d418                calcTicks(float)
 .text._Z13driveStraightfi
                0x0000d458       0xb4 ..\main.o
                0x0000d458                driveStraight(float, int)
 *fill*         0x0000d50c        0x4 00
 .text._Z4turncii
                0x0000d510      0x148 ..\main.o
                0x0000d510                turn(char, int, int)
 .text._Z10holdButtonif
                0x0000d658      0x194 ..\main.o
                0x0000d658                holdButton(int, float)
 .text._Z10waitForCdsv
                0x0000d7ec      0x110 ..\main.o
                0x0000d7ec                waitForCds()
 .text.main     0x0000d8fc       0xf0 ..\main.o
                0x0000d8fc                main
 .text._Z41__static_initialization_and_destruction_0ii
                0x0000d9ec       0x7c ..\main.o
 .text._GLOBAL__sub_I_lWheel
                0x0000da68       0x14 ..\main.o
 .text.zero_fill_bss
                0x0000da7c       0x34 Startup\__arm_start.o
 .text.__thumb_startup
                0x0000dab0       0x34 Startup\__arm_start.o
                0x0000dab0                __thumb_startup
 .text.InitFEHProteus
                0x0000dae4      0x15c Startup\__arm_start.o
                0x0000dae4                InitFEHProteus
 .text.pll_init_bl
                0x0000dc40      0x130 Startup\__arm_start.o
 .text.InitPowerButton
                0x0000dd70       0x90 Startup\__arm_start.o
                0x0000dd70                InitPowerButton
 .text._ExitProcess
                0x0000de00        0xc Startup\__arm_end.o
                0x0000de00                _ExitProcess
 .text.Default_Handler
                0x0000de0c        0xc Startup\kinetis_sysinit.o
                0x0000de0c                BusFault_Handler()
                0x0000de0c                HardFault_Handler()
                0x0000de0c                SysTick_Handler()
                0x0000de0c                PendSV_Handler()
                0x0000de0c                DebugMonitor_Handler()
                0x0000de0c                MemManage_Handler()
                0x0000de0c                NMI_Handler()
                0x0000de0c                SVC_Handler()
                0x0000de0c                Default_Handler
                0x0000de0c                UsageFault_Handler()
 .text.__init_hardware
                0x0000de18       0x44 Startup\kinetis_sysinit.o
                0x0000de18                __init_hardware
 .text._Z8PortDISRv
                0x0000de5c       0x64 Startup\kinetis_sysinit.o
                0x0000de5c                PortDISR()
 .text._ZN8FEHMotorC2ENS_12FEHMotorPortEf
                0x0000dec0       0xb0 Libraries\FEHMotor.o
                0x0000dec0                FEHMotor::FEHMotor(FEHMotor::FEHMotorPort, float)
                0x0000dec0                FEHMotor::FEHMotor(FEHMotor::FEHMotorPort, float)
 .text._ZN8FEHMotor4StopEv
                0x0000df70       0x3c Libraries\FEHMotor.o
                0x0000df70                FEHMotor::Stop()
 .text._ZN8FEHMotor8SetPowerEi
                0x0000dfac       0x60 Libraries\FEHMotor.o
                0x0000dfac                FEHMotor::SetPower(int)
 *fill*         0x0000e00c        0x4 00
 .text._ZN8FEHMotor10SetPercentEf
                0x0000e010      0x158 Libraries\FEHMotor.o
                0x0000e010                FEHMotor::SetPercent(float)
 .text._Z21IIC_StartTransmissionhh
                0x0000e168       0x98 Drivers\i2c.o
                0x0000e168                IIC_StartTransmission(unsigned char, unsigned char)
 .text._Z5Pausev
                0x0000e200       0x34 Drivers\i2c.o
                0x0000e200                Pause()
 .text._Z21MMA8451QWriteRegisterhh
                0x0000e234      0x12c Drivers\i2c.o
                0x0000e234                MMA8451QWriteRegister(unsigned char, unsigned char)
 .text._Z12SPI_SendCharh
                0x0000e360       0x1c Drivers\spi.o
                0x0000e360                SPI_SendChar(unsigned char)
 .text._Z16SPI_WriteCommandhh
                0x0000e37c       0x34 Drivers\spi.o
                0x0000e37c                SPI_WriteCommand(unsigned char, unsigned char)
 .text._Z13SPI_CS_Assertv
                0x0000e3b0       0x24 Drivers\spi.o
                0x0000e3b0                SPI_CS_Assert()
 .text._Z15SPI_CS_Deassertv
                0x0000e3d4       0x24 Drivers\spi.o
                0x0000e3d4                SPI_CS_Deassert()
 .text._Z12SPI_Transferh
                0x0000e3f8       0x88 Drivers\spi.o
                0x0000e3f8                SPI_Transfer(unsigned char)
 .text._Z8SPI_Initv
                0x0000e480       0xe8 Drivers\spi.o
                0x0000e480                SPI_Init()
 .text._Z9uart_initPV11UART_MemMapii
                0x0000e568      0x20c Drivers\uart.o
                0x0000e568                uart_init(UART_MemMap volatile*, int, int)
 .text._Z12uart_getcharPV11UART_MemMap
                0x0000e774       0x34 Drivers\uart.o
                0x0000e774                uart_getchar(UART_MemMap volatile*)
 .text._Z12uart_putcharPV11UART_MemMapc
                0x0000e7a8       0x38 Drivers\uart.o
                0x0000e7a8                uart_putchar(UART_MemMap volatile*, char)
 .text._ZL7mem_setPvij
                0x0000e7e0       0x44 Drivers\ff.o
 .text._ZL11move_windowP5FATFSm
                0x0000e824       0xf0 Drivers\ff.o
 .text._ZL4syncP5FATFS
                0x0000e914      0x188 Drivers\ff.o
 .text._ZL8validateP5FATFSt
                0x0000ea9c       0x54 Drivers\ff.o
 .text._Z6f_syncP3FIL
                0x0000eaf0      0x1c0 Drivers\ff.o
                0x0000eaf0                f_sync(FIL*)
 .text._Z7f_closeP3FIL
                0x0000ecb0       0x2c Drivers\ff.o
                0x0000ecb0                f_close(FIL*)
 .text._ZL17SDHC_set_baudratemm
                0x0000ecdc      0x14c Drivers\SDHC.o
 .text._Z9SDHC_initP17esdhc_info_structPK17esdhc_init_struct
                0x0000ee28      0x1c4 Drivers\SDHC.o
                0x0000ee28                SDHC_init(esdhc_info_struct*, esdhc_init_struct const*)
 .text._ZL15SDHC_is_runningv
                0x0000efec       0x28 Drivers\SDHC.o
 .text._ZL16SDHC_status_waitm
                0x0000f014       0x38 Drivers\SDHC.o
 .text._ZL17SDHC_send_commandP20esdhc_command_struct
                0x0000f04c      0x2a0 Drivers\SDHC.o
 .text._Z10SDHC_ioctlmPv
                0x0000f2ec      0x978 Drivers\SDHC.o
                0x0000f2ec                SDHC_ioctl(unsigned long, void*)
 .text._ZL14rcvr_datablockPhm
                0x0000fc64      0x134 Drivers\SDHC.o
 .text._Z9disk_readhPhmh
                0x0000fd98      0x13c Drivers\SDHC.o
                0x0000fd98                disk_read(unsigned char, unsigned char*, unsigned long, unsigned char)
 .text._ZL14xmit_datablockPKhm
                0x0000fed4       0xe0 Drivers\SDHC.o
 .text._Z10disk_writehPKhmh
                0x0000ffb4      0x1cc Drivers\SDHC.o
                0x0000ffb4                disk_write(unsigned char, unsigned char const*, unsigned long, unsigned char)
 .text._Z10disk_ioctlhhPv
                0x00010180      0x128 Drivers\SDHC.o
                0x00010180                disk_ioctl(unsigned char, unsigned char, void*)
 .text._Z11disk_statush
                0x000102a8       0x30 Drivers\SDHC.o
                0x000102a8                disk_status(unsigned char)
 .text._Z13time_delay_msm
                0x000102d8       0xa4 Drivers\lptmr.o
                0x000102d8                time_delay_ms(unsigned long)
 .text._Z41__static_initialization_and_destruction_0ii
                0x0001037c       0x30 FEHProteus.o
 .text._GLOBAL__sub_I_Propeller
                0x000103ac       0x14 FEHProteus.o
 .text._ZN12FEHPropellerC2Ev
                0x000103c0       0x20 Drivers\FEHPropeller.o
                0x000103c0                FEHPropeller::FEHPropeller()
                0x000103c0                FEHPropeller::FEHPropeller()
 .text._ZN12FEHPropeller10InitializeEv
                0x000103e0       0x94 Drivers\FEHPropeller.o
                0x000103e0                FEHPropeller::Initialize()
 .text._ZN12FEHPropeller12SetMotorRateEhhh
                0x00010474       0x78 Drivers\FEHPropeller.o
                0x00010474                FEHPropeller::SetMotorRate(unsigned char, unsigned char, unsigned char)
 .text._ZL5Delaymjj
                0x000104ec       0xc4 Libraries\FEHUtility.o
 .text._Z5Sleepi
                0x000105b0       0x34 Libraries\FEHUtility.o
                0x000105b0                Sleep(int)
 .text._Z5Sleepf
                0x000105e4       0x48 Libraries\FEHUtility.o
                0x000105e4                Sleep(float)
 *fill*         0x0001062c        0x4 00
 .text._Z5Sleepd
                0x00010630       0x58 Libraries\FEHUtility.o
                0x00010630                Sleep(double)
 .text._Z7TimeNowv
                0x00010688       0x70 Libraries\FEHUtility.o
                0x00010688                TimeNow()
 .text._ZN14DigitalEncoderC2EN5FEHIO8FEHIOPinE
                0x000106f8       0x2c Libraries\FEHIO.o
                0x000106f8                DigitalEncoder::DigitalEncoder(FEHIO::FEHIOPin)
                0x000106f8                DigitalEncoder::DigitalEncoder(FEHIO::FEHIOPin)
 .text._Z10enable_irqi
                0x00010724      0x1cc Libraries\FEHIO.o
                0x00010724                enable_irq(int)
 .text._ZN14DigitalEncoder10InitializeEN5FEHIO8FEHIOPinENS0_21FEHIOInterruptTriggerE
                0x000108f0      0x224 Libraries\FEHIO.o
                0x000108f0                DigitalEncoder::Initialize(FEHIO::FEHIOPin, FEHIO::FEHIOInterruptTrigger)
 .text._Z9portB_isrv
                0x00010b14       0xd4 Libraries\FEHIO.o
                0x00010b14                portB_isr()
 .text._Z9portC_isrv
                0x00010be8       0xd8 Libraries\FEHIO.o
                0x00010be8                portC_isr()
 .text._Z9portA_isrv
                0x00010cc0       0xd8 Libraries\FEHIO.o
                0x00010cc0                portA_isr()
 .text._Z9portE_isrv
                0x00010d98       0xd0 Libraries\FEHIO.o
                0x00010d98                portE_isr()
 .text._ZN14DigitalEncoder6CountsEv
                0x00010e68       0x28 Libraries\FEHIO.o
                0x00010e68                DigitalEncoder::Counts()
 .text._ZN14DigitalEncoder11ResetCountsEv
                0x00010e90       0x28 Libraries\FEHIO.o
                0x00010e90                DigitalEncoder::ResetCounts()
 .text._ZN14AnalogInputPinC2EN5FEHIO8FEHIOPinE
                0x00010eb8       0x20 Libraries\FEHIO.o
                0x00010eb8                AnalogInputPin::AnalogInputPin(FEHIO::FEHIOPin)
                0x00010eb8                AnalogInputPin::AnalogInputPin(FEHIO::FEHIOPin)
 .text._ZN14AnalogInputPin5ValueEv
                0x00010ed8      0x180 Libraries\FEHIO.o
                0x00010ed8                AnalogInputPin::Value()
 .text._ZN13AnalogEncoder12EncoderValueEv
                0x00011058       0xe4 Libraries\FEHIO.o
                0x00011058                AnalogEncoder::EncoderValue()
 .text._ZN14AnalogInputPin8InitADCsEv
                0x0001113c      0x120 Libraries\FEHIO.o
                0x0001113c                AnalogInputPin::InitADCs()
 .text._Z8pit0_isrv
                0x0001125c       0x34 Libraries\FEHIO.o
                0x0001125c                pit0_isr()
 .text._ZN13AnalogEncoder4InitEv
                0x00011290       0x64 Libraries\FEHIO.o
                0x00011290                AnalogEncoder::Init()
 .text._ZN13AnalogEncoder14SetCounterInitEj
                0x000112f4       0x20 Libraries\FEHIO.o
                0x000112f4                AnalogEncoder::SetCounterInit(unsigned int)
 .text._ZN13AnalogEncoder10ProcessIntEv
                0x00011314       0x80 Libraries\FEHIO.o
                0x00011314                AnalogEncoder::ProcessInt()
 .text._ZN13AnalogEncoder14ProcessIntSelfEv
                0x00011394       0x80 Libraries\FEHIO.o
                0x00011394                AnalogEncoder::ProcessIntSelf()
 .text._Z7ADC_CalPV10ADC_MemMap
                0x00011414      0x14c Drivers\adc16.o
                0x00011414                ADC_Cal(ADC_MemMap volatile*)
 .text._Z14ADC_Config_AltPV10ADC_MemMapP7adc_cfg
                0x00011560       0x6c Drivers\adc16.o
                0x00011560                ADC_Config_Alt(ADC_MemMap volatile*, adc_cfg*)
 .text._ZN9FEHBuzzerC2Ev
                0x000115cc       0x18 Libraries\FEHBuzzer.o
                0x000115cc                FEHBuzzer::FEHBuzzer()
                0x000115cc                FEHBuzzer::FEHBuzzer()
 .text._Z41__static_initialization_and_destruction_0ii
                0x000115e4       0x30 Libraries\FEHBuzzer.o
 .text._GLOBAL__sub_I_Buzzer
                0x00011614       0x14 Libraries\FEHBuzzer.o
 .text._ZN6FEHLCD11_InitializeEv
                0x00011628      0x5dc Libraries\FEHLCD.o
                0x00011628                FEHLCD::_Initialize()
 .text._ZN6FEHLCDC2Ev
                0x00011c04       0x64 Libraries\FEHLCD.o
                0x00011c04                FEHLCD::FEHLCD()
                0x00011c04                FEHLCD::FEHLCD()
 .text._ZN6FEHLCD10InitializeEv
                0x00011c68       0x38 Libraries\FEHLCD.o
                0x00011c68                FEHLCD::Initialize()
 .text._ZN6FEHLCD10PrintImageEii
                0x00011ca0      0x100 Libraries\FEHLCD.o
                0x00011ca0                FEHLCD::PrintImage(int, int)
 .text._ZN6FEHLCD9PrintLogoEii
                0x00011da0      0x100 Libraries\FEHLCD.o
                0x00011da0                FEHLCD::PrintLogo(int, int)
 .text._ZN6FEHLCD22ConvertFEHColorTo24BitENS_11FEHLCDColorE
                0x00011ea0       0x80 Libraries\FEHLCD.o
                0x00011ea0                FEHLCD::ConvertFEHColorTo24Bit(FEHLCD::FEHLCDColor)
 .text._ZN6FEHLCD24Convert24BitColorTo16BitEj
                0x00011f20       0x40 Libraries\FEHLCD.o
                0x00011f20                FEHLCD::Convert24BitColorTo16Bit(unsigned int)
 .text._ZN6FEHLCD22ConvertRGBColorTo16BitEhhh
                0x00011f60       0x44 Libraries\FEHLCD.o
                0x00011f60                FEHLCD::ConvertRGBColorTo16Bit(unsigned char, unsigned char, unsigned char)
 .text._ZN6FEHLCD5ClearENS_11FEHLCDColorE
                0x00011fa4       0x28 Libraries\FEHLCD.o
                0x00011fa4                FEHLCD::Clear(FEHLCD::FEHLCDColor)
 .text._ZN6FEHLCD5ClearEj
                0x00011fcc       0x2c Libraries\FEHLCD.o
                0x00011fcc                FEHLCD::Clear(unsigned int)
 .text._ZN6FEHLCD18SetBackgroundColorENS_11FEHLCDColorE
                0x00011ff8       0x28 Libraries\FEHLCD.o
                0x00011ff8                FEHLCD::SetBackgroundColor(FEHLCD::FEHLCDColor)
 .text._ZN6FEHLCD18SetBackgroundColorEj
                0x00012020       0x28 Libraries\FEHLCD.o
                0x00012020                FEHLCD::SetBackgroundColor(unsigned int)
 .text._ZN6FEHLCD12SetFontColorENS_11FEHLCDColorE
                0x00012048       0x28 Libraries\FEHLCD.o
                0x00012048                FEHLCD::SetFontColor(FEHLCD::FEHLCDColor)
 .text._ZN6FEHLCD12SetFontColorEj
                0x00012070       0x28 Libraries\FEHLCD.o
                0x00012070                FEHLCD::SetFontColor(unsigned int)
 .text._ZN6FEHLCD7WriteAtEPKcii
                0x00012098       0x58 Libraries\FEHLCD.o
                0x00012098                FEHLCD::WriteAt(char const*, int, int)
 .text._ZN6FEHLCD11TS_SPI_InitEv
                0x000120f0       0xa8 Libraries\FEHLCD.o
                0x000120f0                FEHLCD::TS_SPI_Init()
 .text._ZN6FEHLCD5WriteEPKc
                0x00012198       0x5c Libraries\FEHLCD.o
                0x00012198                FEHLCD::Write(char const*)
 .text._ZN6FEHLCD5WriteEf
                0x000121f4       0xdc Libraries\FEHLCD.o
                0x000121f4                FEHLCD::Write(float)
 .text._ZN6FEHLCD9WriteLineEPKc
                0x000122d0       0x28 Libraries\FEHLCD.o
                0x000122d0                FEHLCD::WriteLine(char const*)
 .text._ZN6FEHLCD9WriteLineEf
                0x000122f8       0x28 Libraries\FEHLCD.o
                0x000122f8                FEHLCD::WriteLine(float)
 .text._ZN6FEHLCD10WriteIndexEh
                0x00012320      0x288 Libraries\FEHLCD.o
                0x00012320                FEHLCD::WriteIndex(unsigned char)
 .text._ZN6FEHLCD14WriteParameterEh
                0x000125a8      0x254 Libraries\FEHLCD.o
                0x000125a8                FEHLCD::WriteParameter(unsigned char)
 .text._ZN6FEHLCD6_ClearEv
                0x000127fc      0x228 Libraries\FEHLCD.o
                0x000127fc                FEHLCD::_Clear()
 .text._ZN6FEHLCD8NextLineEv
                0x00012a24       0x30 Libraries\FEHLCD.o
                0x00012a24                FEHLCD::NextLine()
 .text._ZN6FEHLCD9CheckLineEv
                0x00012a54       0x2c Libraries\FEHLCD.o
                0x00012a54                FEHLCD::CheckLine()
 .text._ZN6FEHLCD8NextCharEv
                0x00012a80       0x34 Libraries\FEHLCD.o
                0x00012a80                FEHLCD::NextChar()
 .text._ZN6FEHLCD13SetDrawRegionEiiii
                0x00012ab4      0x10c Libraries\FEHLCD.o
                0x00012ab4                FEHLCD::SetDrawRegion(int, int, int, int)
 .text._ZN6FEHLCD9WriteCharEiic
                0x00012bc0       0x40 Libraries\FEHLCD.o
                0x00012bc0                FEHLCD::WriteChar(int, int, char)
 .text._ZN6FEHLCD11WriteCharAtEiic
                0x00012c00      0x278 Libraries\FEHLCD.o
                0x00012c00                FEHLCD::WriteCharAt(int, int, char)
 .text._ZN6FEHLCD11RepeatColorEv
                0x00012e78       0xbc Libraries\FEHLCD.o
                0x00012e78                FEHLCD::RepeatColor()
 .text._ZN6FEHLCD10_ForePixelEv
                0x00012f34      0x160 Libraries\FEHLCD.o
                0x00012f34                FEHLCD::_ForePixel()
 .text._ZN6FEHLCD10_BackPixelEv
                0x00013094      0x160 Libraries\FEHLCD.o
                0x00013094                FEHLCD::_BackPixel()
 .text._ZN6FEHLCD22SetRegisterColorValuesEv
                0x000131f4      0x4c0 Libraries\FEHLCD.o
                0x000131f4                FEHLCD::SetRegisterColorValues()
 .text._Z41__static_initialization_and_destruction_0ii
                0x000136b4       0x30 Libraries\FEHLCD.o
 .text._GLOBAL__sub_I_image
                0x000136e4       0x14 Libraries\FEHLCD.o
 .text._ZN8FEHAccelC2Ev
                0x000136f8       0x8c Libraries\FEHAccel.o
                0x000136f8                FEHAccel::FEHAccel()
                0x000136f8                FEHAccel::FEHAccel()
 .text._Z41__static_initialization_and_destruction_0ii
                0x00013784       0x30 Libraries\FEHAccel.o
 .text._GLOBAL__sub_I_Accel
                0x000137b4       0x14 Libraries\FEHAccel.o
 .text._ZN10FEHBatteryC2EN5FEHIO8FEHIOPinE
                0x000137c8       0x24 Libraries\FEHBattery.o
                0x000137c8                FEHBattery::FEHBattery(FEHIO::FEHIOPin)
                0x000137c8                FEHBattery::FEHBattery(FEHIO::FEHIOPin)
 .text._Z41__static_initialization_and_destruction_0ii
                0x000137ec       0x34 Libraries\FEHBattery.o
 .text._GLOBAL__sub_I_Battery
                0x00013820       0x14 Libraries\FEHBattery.o
 .text._ZN7FEHXBeeC2Ev
                0x00013834       0x20 Drivers\FEHXBee.o
                0x00013834                FEHXBee::FEHXBee()
                0x00013834                FEHXBee::FEHXBee()
 .text._ZN7FEHXBee17SetPacketCallBackEPFvPhhE
                0x00013854       0x20 Drivers\FEHXBee.o
                0x00013854                FEHXBee::SetPacketCallBack(void (*)(unsigned char*, unsigned char))
 .text._Z9UART0_ISRv
                0x00013874      0x174 Drivers\FEHXBee.o
                0x00013874                UART0_ISR()
 .text._ZN6FEHRPSC2Ev
                0x000139e8       0x88 Libraries\FEHRPS.o
                0x000139e8                FEHRPS::FEHRPS()
                0x000139e8                FEHRPS::FEHRPS()
 .text._Z14RPSDataProcessPhh
                0x00013a70      0x18c Libraries\FEHRPS.o
                0x00013a70                RPSDataProcess(unsigned char*, unsigned char)
 .text._Z41__static_initialization_and_destruction_0ii
                0x00013bfc       0x30 Libraries\FEHRPS.o
 .text._GLOBAL__sub_I_RPS
                0x00013c2c       0x14 Libraries\FEHRPS.o
 .text._ZN5FEHSDC2Ev
                0x00013c40       0x24 Libraries\FEHSD.o
                0x00013c40                FEHSD::FEHSD()
                0x00013c40                FEHSD::FEHSD()
 .text._ZN5FEHSD8CloseLogEv
                0x00013c64       0x38 Libraries\FEHSD.o
                0x00013c64                FEHSD::CloseLog()
 .text._Z41__static_initialization_and_destruction_0ii
                0x00013c9c       0x30 Libraries\FEHSD.o
 .text._GLOBAL__sub_I_SD
                0x00013ccc       0x14 Libraries\FEHSD.o
 .text.sprintf  0x00013ce0       0x1c C:\fehqt\Proteus/EWL/lib/armv7e-m\libc.a(sprintf.o)
                0x00013ce0                sprintf
 .text.__StringWrite
                0x00013cfc       0x28 C:\fehqt\Proteus/EWL/lib/armv7e-m\libc.a(vsnprintf.o)
                0x00013cfc                __StringWrite
 .text.vsnprintf
                0x00013d24       0x34 C:\fehqt\Proteus/EWL/lib/armv7e-m\libc.a(vsnprintf.o)
                0x00013d24                vsnprintf
 .text.exit     0x00013d58       0x38 C:\fehqt\Proteus/EWL/lib/armv7e-m\libc.a(exit.o)
                0x00013d58                exit
 .text.memcpy   0x00013d90       0x12 C:\fehqt\Proteus/EWL/lib/armv7e-m\libc.a(memcpy.o)
                0x00013d90                memcpy
 .text.memset   0x00013da2        0xc C:\fehqt\Proteus/EWL/lib/armv7e-m\libc.a(memset.o)
                0x00013da2                memset
 .text.strlen   0x00013dae       0x10 C:\fehqt\Proteus/EWL/lib/armv7e-m\libc.a(strlen.o)
                0x00013dae                strlen
 .text.long2str.isra.0
                0x00013dbe      0x196 C:\fehqt\Proteus/EWL/lib/armv7e-m\libc.a(printformat_.o)
 .text.__pformatter_
                0x00013f54      0x3f8 C:\fehqt\Proteus/EWL/lib/armv7e-m\libc.a(printformat_.o)
                0x00013f54                __pformatter_
 .text.__sformatter
                0x0001434c      0x74e C:\fehqt\Proteus/EWL/lib/armv7e-m\libc.a(scanformat_.o)
                0x0001434c                __sformatter
 *fill*         0x00014a9a        0x2 00
 .text.isalpha  0x00014a9c       0x1c C:\fehqt\Proteus/EWL/lib/armv7e-m\libc.a(ctype_aeabi.o)
                0x00014a9c                isalpha
 .text.isspace  0x00014ab8       0x1c C:\fehqt\Proteus/EWL/lib/armv7e-m\libc.a(ctype_aeabi.o)
                0x00014ab8                isspace
 .text.toupper  0x00014ad4        0xc C:\fehqt\Proteus/EWL/lib/armv7e-m\libc.a(ctype_aeabi.o)
                0x00014ad4                toupper
 .text.__strtoul
                0x00014ae0      0x1dc C:\fehqt\Proteus/EWL/lib/armv7e-m\libc.a(__strtoul.o)
                0x00014ae0                __strtoul
 .text.__fill_mem
                0x00014cbc       0x76 C:\fehqt\Proteus/EWL/lib/armv7e-m\libc.a(__filll_mem.o)
                0x00014cbc                __fill_mem
 .text.memchr   0x00014d32       0x1a C:\fehqt\Proteus/EWL/lib/armv7e-m\libc.a(memchr.o)
                0x00014d32                memchr
 .text.strchr   0x00014d4c       0x1c C:\fehqt\Proteus/EWL/lib/armv7e-m\libc.a(strchr.o)
                0x00014d4c                strchr
 .text.__init_cpp
                0x00014d68       0x4c C:\fehqt\Proteus/EWL/lib/armv7e-m\librt.a(gcc_ctor_dtor.o)
                0x00014d68                __init_cpp
 .text.__fini_cpp
                0x00014db4       0x34 C:\fehqt\Proteus/EWL/lib/armv7e-m\librt.a(gcc_ctor_dtor.o)
                0x00014db4                __fini_cpp
 .text.__copy_rom_section
                0x00014de8       0x44 C:\fehqt\Proteus/EWL/lib/armv7e-m\librt.a(ROMCopy.o)
                0x00014de8                __copy_rom_section
 .text.__copy_rom_sections_to_ram
                0x00014e2c       0x34 C:\fehqt\Proteus/EWL/lib/armv7e-m\librt.a(ROMCopy.o)
                0x00014e2c                __copy_rom_sections_to_ram
 .text.__destroy_global_chain
                0x00014e60       0x1c C:\fehqt\Proteus/EWL/lib/armv7e-m\librt.a(__arm_eabi_init.o)
                0x00014e60                __destroy_global_chain
 .text.__init_registers
                0x00014e7c       0x20 C:\fehqt\Proteus/EWL/lib/armv7e-m\librt.a(__arm_eabi_init.o)
                0x00014e7c                __init_registers
 .text.__init_user
                0x00014e9c        0x4 C:\fehqt\Proteus/EWL/lib/armv7e-m\librt.a(__arm_eabi_init.o)
                0x00014e9c                __init_user
 *(.rodata)
 .rodata        0x00014ea0       0x84 ..\main.o
 .rodata        0x00014f24       0x78 Libraries\FEHIO.o
 .rodata        0x00014f9c       0x34 Libraries\FEHLCD.o
 *(.rodata*)
 .rodata.K60_SDHC0_init
                0x00014fd0        0xc Drivers\SDHC.o
                0x00014fd0                K60_SDHC0_init
 .rodata._ZL21ESDHC_COMMAND_XFERTYP
                0x00014fdc      0x100 Drivers\SDHC.o
 .rodata._ZL9GPIOPorts
                0x000150dc       0x20 Libraries\FEHIO.o
 .rodata._ZL10ADCNumbers
                0x000150fc       0x24 Libraries\FEHIO.o
 .rodata._ZL14GPIOPinNumbers
                0x00015120       0x80 Libraries\FEHIO.o
 .rodata._ZL16AnalogPinNumbers
                0x000151a0       0x84 Libraries\FEHIO.o
 .rodata.str1.1
                0x00015224        0x1 C:\fehqt\Proteus/EWL/lib/armv7e-m\libc.a(printformat_.o)
 .rodata.__aeabi_ctype_table_C
                0x00015225      0x101 C:\fehqt\Proteus/EWL/lib/armv7e-m\libc.a(ctype_aeabi.o)
                0x00015225                __aeabi_ctype_table_C
 *(.glue_7)
 .glue_7        0x00000000        0x0 linker stubs
 *(.glue_7t)
 .glue_7t       0x00000000        0x0 linker stubs
 *(.eh_frame)
 *(.init)
 *(.fini)
                0x00015328                . = ALIGN (0x4)
 *fill*         0x00015326        0x2 00
                0x00015328                _etext = .

.vfp11_veneer   0x00015328        0x0
 .vfp11_veneer  0x00000000        0x0 linker stubs

.v4_bx          0x00015328        0x0
 .v4_bx         0x00000000        0x0 linker stubs

.ARM.extab
 *(.ARM.extab* .gnu.linkonce.armextab.*)

.ARM            0x00015328        0x0
                0x00015328                __exidx_start = .
 *(.ARM.exidx*)
                0x00015328                __exidx_end = .

.ctors          0x00015328        0x0
                0x00015328                __CTOR_LIST__ = .
 *crtbegin.o(.ctors)
 *(EXCLUDE_FILE(*crtend.o) .ctors)
 *(SORT(.ctors.*))
 *(.ctors)
                0x00015328                __CTOR_END__ = .

.dtors          0x00015328        0x0
                0x00015328                __DTOR_LIST__ = .
 *crtbegin.o(.dtors)
 *(EXCLUDE_FILE(*crtend.o) .dtors)
 *(SORT(.dtors.*))
 *(.dtors)
                0x00015328                __DTOR_END__ = .

.preinit_array  0x00015328        0x0
                0x00015328                PROVIDE (__preinit_array_start, .)
 *(.preinit_array*)
                0x00015328                PROVIDE (__preinit_array_end, .)

.init_array     0x00015328       0x20
                0x00015328                PROVIDE (__init_array_start, .)
 *(SORT(.init_array.*))
 *(.init_array*)
 .init_array    0x00015328        0x4 ..\main.o
 .init_array    0x0001532c        0x4 FEHProteus.o
 .init_array    0x00015330        0x4 Libraries\FEHBuzzer.o
 .init_array    0x00015334        0x4 Libraries\FEHLCD.o
 .init_array    0x00015338        0x4 Libraries\FEHAccel.o
 .init_array    0x0001533c        0x4 Libraries\FEHBattery.o
 .init_array    0x00015340        0x4 Libraries\FEHRPS.o
 .init_array    0x00015344        0x4 Libraries\FEHSD.o
                0x00015348                PROVIDE (__init_array_end, .)

.fini_array     0x00015348        0x0
                0x00015348                PROVIDE (__fini_array_start, .)
 *(SORT(.fini_array.*))
 *(.fini_array*)
                0x00015348                PROVIDE (__fini_array_end, .)
                0x00015348                ___ROM_AT = .

.data           0x1fff0400      0xd1c load address 0x00015348
                0x1fff0400                . = ALIGN (0x4)
                0x1fff0400                _sdata = .
 *(.data)
 *(.data*)
 .data._ZL4Stat
                0x1fff0400        0x1 Drivers\SDHC.o
 *fill*         0x1fff0401        0x3 00
 .data.image    0x1fff0404      0x750 Libraries\FEHLCD.o
                0x1fff0404                image
 .data.logo     0x1fff0b54      0x3e8 Libraries\FEHLCD.o
                0x1fff0b54                logo
 .data._ZN6FEHLCD8fontDataE
                0x1fff0f3c      0x1e0 Libraries\FEHLCD.o
                0x1fff0f3c                FEHLCD::fontData
                0x1fff111c                . = ALIGN (0x4)
                0x1fff111c                _edata = .
                0x00000d1c                ___data_size = (_edata - _sdata)
                0x00016064                ___m_data2_ROMStart = (___ROM_AT + SIZEOF (.data))

.user_data2     0x20000000        0x0 load address 0x00016064
                0x20000000                . = ALIGN (0x4)
                0x20000000                ___m_data2_RAMStart = .
 *(.data2)
                0x20000000                ___m_data2_RAMEnd = .
                0x20000000                . = ALIGN (0x4)
                0x00000000                ___m_data2_ROMSize = (___m_data2_RAMEnd - ___m_data2_RAMStart)
                0x20000000                . = ALIGN (0x4)

.bss            0x1fff111c      0x5cc load address 0x00016064
                0x1fff111c                __START_BSS = .
                0x1fff111c                PROVIDE (__bss_start__, __START_BSS)
 *(.bss)
 *(.bss*)
 .bss.lWheel    0x1fff111c        0x8 ..\main.o
                0x1fff111c                lWheel
 .bss.rWheel    0x1fff1124        0x8 ..\main.o
                0x1fff1124                rWheel
 .bss.cdsCell   0x1fff112c        0x4 ..\main.o
                0x1fff112c                cdsCell
 .bss.lEncode   0x1fff1130        0x4 ..\main.o
                0x1fff1130                lEncode
 .bss.rEncode   0x1fff1134        0x4 ..\main.o
                0x1fff1134                rEncode
 .bss._ZL4argv  0x1fff1138        0x4 Startup\__arm_start.o
 .bss.MasterTransmission
                0x1fff113c        0x1 Drivers\i2c.o
                0x1fff113c                MasterTransmission
 .bss.SlaveID   0x1fff113d        0x1 Drivers\i2c.o
                0x1fff113d                SlaveID
 *fill*         0x1fff113e        0x2 00
 .bss.SDHC_Card
                0x1fff1140       0x14 Drivers\SDHC.o
                0x1fff1140                SDHC_Card
 .bss.SDHC_Info
                0x1fff1154      0x204 Drivers\SDHC.o
                0x1fff1154                SDHC_Info
 .bss.SDHC_Device
                0x1fff1358        0x8 Drivers\SDHC.o
                0x1fff1358                SDHC_Device
 .bss.Propeller
                0x1fff1360        0x4 FEHProteus.o
                0x1fff1360                Propeller
 .bss.CoreClockKHz
                0x1fff1364        0x4 FEHProteus.o
                0x1fff1364                CoreClockKHz
 .bss.CoreClockMHz
                0x1fff1368        0x4 FEHProteus.o
                0x1fff1368                CoreClockMHz
 .bss.PeripheralClockKHz
                0x1fff136c        0x4 FEHProteus.o
                0x1fff136c                PeripheralClockKHz
 .bss._ZN14AnalogInputPin17Master_Adc_ConfigE
                0x1fff1370       0x10 Libraries\FEHIO.o
                0x1fff1370                AnalogInputPin::Master_Adc_Config
 .bss._ZN14AnalogInputPin18Encoder_Adc_ConfigE
                0x1fff1380       0x10 Libraries\FEHIO.o
                0x1fff1380                AnalogInputPin::Encoder_Adc_Config
 .bss.interrupt_counts
                0x1fff1390       0x80 Libraries\FEHIO.o
                0x1fff1390                interrupt_counts
 .bss._ZN13AnalogEncoder7pinListE
                0x1fff1410        0x4 Libraries\FEHIO.o
                0x1fff1410                AnalogEncoder::pinList
 .bss.__interrupt_counter
                0x1fff1414        0x4 Libraries\FEHIO.o
                0x1fff1414                __interrupt_counter
 .bss.Buzzer    0x1fff1418        0x4 Libraries\FEHBuzzer.o
                0x1fff1418                Buzzer
 .bss.LCD       0x1fff141c       0x44 Libraries\FEHLCD.o
                0x1fff141c                LCD
 .bss.initialized
                0x1fff1460        0x1 Libraries\FEHLCD.o
                0x1fff1460                initialized
 *fill*         0x1fff1461        0x3 00
 .bss.Accel     0x1fff1464        0x4 Libraries\FEHAccel.o
                0x1fff1464                Accel
 .bss.Battery   0x1fff1468        0x4 Libraries\FEHBattery.o
                0x1fff1468                Battery
 .bss.XBeeDataProcess
                0x1fff146c        0x4 Drivers\FEHXBee.o
                0x1fff146c                XBeeDataProcess
 .bss._xbeebuffer
                0x1fff1470       0x10 Drivers\FEHXBee.o
                0x1fff1470                _xbeebuffer
 .bss._xbeebufferindex
                0x1fff1480        0x1 Drivers\FEHXBee.o
                0x1fff1480                _xbeebufferindex
 .bss._xbeestate
                0x1fff1481        0x1 Drivers\FEHXBee.o
                0x1fff1481                _xbeestate
 .bss._xbeebytereceived
                0x1fff1482        0x1 Drivers\FEHXBee.o
                0x1fff1482                _xbeebytereceived
 .bss._xbeebyte
                0x1fff1483        0x1 Drivers\FEHXBee.o
                0x1fff1483                _xbeebyte
 .bss.RPS       0x1fff1484        0x8 Libraries\FEHRPS.o
                0x1fff1484                RPS
 .bss._enabled  0x1fff148c        0x1 Libraries\FEHRPS.o
                0x1fff148c                _enabled
 *fill*         0x1fff148d        0x3 00
 .bss._RPS_x    0x1fff1490        0x4 Libraries\FEHRPS.o
                0x1fff1490                _RPS_x
 .bss._RPS_y    0x1fff1494        0x4 Libraries\FEHRPS.o
                0x1fff1494                _RPS_y
 .bss._RPS_heading
                0x1fff1498        0x4 Libraries\FEHRPS.o
                0x1fff1498                _RPS_heading
 .bss._RPS_objective
                0x1fff149c        0x4 Libraries\FEHRPS.o
                0x1fff149c                _RPS_objective
 .bss._RPS_time
                0x1fff14a0        0x1 Libraries\FEHRPS.o
                0x1fff14a0                _RPS_time
 .bss._RPS_stop
                0x1fff14a1        0x1 Libraries\FEHRPS.o
                0x1fff14a1                _RPS_stop
 .bss._RPS_foundpacket
                0x1fff14a2        0x1 Libraries\FEHRPS.o
                0x1fff14a2                _RPS_foundpacket
 *fill*         0x1fff14a3        0x1 00
 .bss.SD        0x1fff14a4        0x4 Libraries\FEHSD.o
                0x1fff14a4                SD
 .bss.logfil    0x1fff14a8      0x228 Libraries\FEHSD.o
                0x1fff14a8                logfil
 .bss.__stdio_exit
                0x1fff16d0        0x4 C:\fehqt\Proteus/EWL/lib/armv7e-m\libc.a(exit.o)
                0x1fff16d0                __stdio_exit
 .bss.__console_exit
                0x1fff16d4        0x4 C:\fehqt\Proteus/EWL/lib/armv7e-m\libc.a(exit.o)
                0x1fff16d4                __console_exit
 .bss.__S_romp  0x1fff16d8        0xc C:\fehqt\Proteus/EWL/lib/armv7e-m\librt.a(ROMCopy.o)
 .bss.__global_destructor_chain
                0x1fff16e4        0x4 C:\fehqt\Proteus/EWL/lib/armv7e-m\librt.a(__arm_eabi_init.o)
                0x1fff16e4                __global_destructor_chain
 *(COMMON)
                0x1fff16e8                . = ALIGN (0x4)
                0x1fff16e8                __END_BSS = .
                0x1fff16e8                PROVIDE (__bss_end__, __END_BSS)

._user_heap_stack
                0x1fff16e8     0x1000 load address 0x00016630
                0x1fff16e8                . = ALIGN (0x4)
                0x1fff16e8                PROVIDE (end, .)
                0x1fff16e8                PROVIDE (_end, .)
                0x1fff16e8                __heap_addr = .
                0x1fff1ee8                . = (. + __heap_size)
 *fill*         0x1fff16e8      0x800 00
                0x1fff26e8                . = (. + __stack_size)
 *fill*         0x1fff1ee8      0x800 00
                0x1fff26e8                . = ALIGN (0x4)
                0x00016064                _romp_at = ((___ROM_AT + SIZEOF (.data)) + SIZEOF (.user_data2))

.romp           0x20000000       0x24 load address 0x00016064
                0x00016064                __S_romp = _romp_at
                0x20000000        0x4 LONG 0x15348 ___ROM_AT
                0x20000004        0x4 LONG 0x1fff0400 _sdata
                0x20000008        0x4 LONG 0xd1c ___data_size
                0x2000000c        0x4 LONG 0x16064 ___m_data2_ROMStart
                0x20000010        0x4 LONG 0x20000000 ___m_data2_RAMStart
                0x20000014        0x4 LONG 0x0 ___m_data2_ROMSize
                0x20000018        0x4 LONG 0x0
                0x2000001c        0x4 LONG 0x0
                0x20000020        0x4 LONG 0x0

.ARM.attributes
                0x00000000       0x33
 *(.ARM.attributes)
 .ARM.attributes
                0x00000000       0x33 ..\main.o
 .ARM.attributes
                0x00000033       0x33 Startup\__arm_start.o
 .ARM.attributes
                0x00000066       0x33 Startup\__arm_end.o
 .ARM.attributes
                0x00000099       0x33 Startup\kinetis_sysinit.o
 .ARM.attributes
                0x000000cc       0x33 Libraries\FEHMotor.o
 .ARM.attributes
                0x000000ff       0x33 Drivers\i2c.o
 .ARM.attributes
                0x00000132       0x33 Drivers\spi.o
 .ARM.attributes
                0x00000165       0x33 Drivers\uart.o
 .ARM.attributes
                0x00000198       0x33 Drivers\ff.o
 .ARM.attributes
                0x000001cb       0x33 Drivers\SDHC.o
 .ARM.attributes
                0x000001fe       0x33 Drivers\lptmr.o
 .ARM.attributes
                0x00000231       0x33 FEHProteus.o
 .ARM.attributes
                0x00000264       0x33 Drivers\FEHPropeller.o
 .ARM.attributes
                0x00000297       0x33 Libraries\FEHUtility.o
 .ARM.attributes
                0x000002ca       0x33 Libraries\FEHIO.o
 .ARM.attributes
                0x000002fd       0x33 Drivers\adc16.o
 .ARM.attributes
                0x00000330       0x33 Libraries\FEHBuzzer.o
 .ARM.attributes
                0x00000363       0x33 Libraries\FEHLCD.o
 .ARM.attributes
                0x00000396       0x33 Libraries\FEHAccel.o
 .ARM.attributes
                0x000003c9       0x33 Libraries\FEHBattery.o
 .ARM.attributes
                0x000003fc       0x33 Drivers\FEHXBee.o
 .ARM.attributes
                0x0000042f       0x33 Libraries\FEHRPS.o
 .ARM.attributes
                0x00000462       0x33 Libraries\FEHSD.o
 .ARM.attributes
                0x00000495       0x33 C:\fehqt\Proteus/EWL/lib/armv7e-m\libc.a(sprintf.o)
 .ARM.attributes
                0x000004c8       0x33 C:\fehqt\Proteus/EWL/lib/armv7e-m\libc.a(vsnprintf.o)
 .ARM.attributes
                0x000004fb       0x33 C:\fehqt\Proteus/EWL/lib/armv7e-m\libc.a(exit.o)
 .ARM.attributes
                0x0000052e       0x33 C:\fehqt\Proteus/EWL/lib/armv7e-m\libc.a(memcpy.o)
 .ARM.attributes
                0x00000561       0x33 C:\fehqt\Proteus/EWL/lib/armv7e-m\libc.a(memset.o)
 .ARM.attributes
                0x00000594       0x33 C:\fehqt\Proteus/EWL/lib/armv7e-m\libc.a(strlen.o)
 .ARM.attributes
                0x000005c7       0x33 C:\fehqt\Proteus/EWL/lib/armv7e-m\libc.a(printformat_.o)
 .ARM.attributes
                0x000005fa       0x33 C:\fehqt\Proteus/EWL/lib/armv7e-m\libc.a(scanformat_.o)
 .ARM.attributes
                0x0000062d       0x33 C:\fehqt\Proteus/EWL/lib/armv7e-m\libc.a(ctype_aeabi.o)
 .ARM.attributes
                0x00000660       0x33 C:\fehqt\Proteus/EWL/lib/armv7e-m\libc.a(__strtoul.o)
 .ARM.attributes
                0x00000693       0x33 C:\fehqt\Proteus/EWL/lib/armv7e-m\libc.a(__filll_mem.o)
 .ARM.attributes
                0x000006c6       0x33 C:\fehqt\Proteus/EWL/lib/armv7e-m\libc.a(memchr.o)
 .ARM.attributes
                0x000006f9       0x33 C:\fehqt\Proteus/EWL/lib/armv7e-m\libc.a(strchr.o)
 .ARM.attributes
                0x0000072c       0x1e c:/fehqt/proteus/gcc/bin/../lib/gcc/arm-none-eabi/4.6.2/armv7e-m\libgcc.a(_arm_addsubdf3.o)
 .ARM.attributes
                0x0000074a       0x1e c:/fehqt/proteus/gcc/bin/../lib/gcc/arm-none-eabi/4.6.2/armv7e-m\libgcc.a(_arm_muldivdf3.o)
 .ARM.attributes
                0x00000768       0x1e c:/fehqt/proteus/gcc/bin/../lib/gcc/arm-none-eabi/4.6.2/armv7e-m\libgcc.a(_arm_cmpdf2.o)
 .ARM.attributes
                0x00000786       0x1e c:/fehqt/proteus/gcc/bin/../lib/gcc/arm-none-eabi/4.6.2/armv7e-m\libgcc.a(_arm_fixdfsi.o)
 .ARM.attributes
                0x000007a4       0x1e c:/fehqt/proteus/gcc/bin/../lib/gcc/arm-none-eabi/4.6.2/armv7e-m\libgcc.a(_arm_fixunsdfsi.o)
 .ARM.attributes
                0x000007c2       0x1e c:/fehqt/proteus/gcc/bin/../lib/gcc/arm-none-eabi/4.6.2/armv7e-m\libgcc.a(_arm_truncdfsf2.o)
 .ARM.attributes
                0x000007e0       0x1e c:/fehqt/proteus/gcc/bin/../lib/gcc/arm-none-eabi/4.6.2/armv7e-m\libgcc.a(_arm_addsubsf3.o)
 .ARM.attributes
                0x000007fe       0x1e c:/fehqt/proteus/gcc/bin/../lib/gcc/arm-none-eabi/4.6.2/armv7e-m\libgcc.a(_arm_muldivsf3.o)
 .ARM.attributes
                0x0000081c       0x1e c:/fehqt/proteus/gcc/bin/../lib/gcc/arm-none-eabi/4.6.2/armv7e-m\libgcc.a(_arm_cmpsf2.o)
 .ARM.attributes
                0x0000083a       0x1e c:/fehqt/proteus/gcc/bin/../lib/gcc/arm-none-eabi/4.6.2/armv7e-m\libgcc.a(_arm_fixsfsi.o)
 .ARM.attributes
                0x00000858       0x1e c:/fehqt/proteus/gcc/bin/../lib/gcc/arm-none-eabi/4.6.2/armv7e-m\libgcc.a(_arm_fixunssfsi.o)
 .ARM.attributes
                0x00000876       0x33 C:\fehqt\Proteus/EWL/lib/armv7e-m\librt.a(gcc_ctor_dtor.o)
 .ARM.attributes
                0x000008a9       0x33 C:\fehqt\Proteus/EWL/lib/armv7e-m\librt.a(ROMCopy.o)
 .ARM.attributes
                0x000008dc       0x33 C:\fehqt\Proteus/EWL/lib/armv7e-m\librt.a(__arm_eabi_init.o)
OUTPUT(../PT1_RoboCode.elf elf32-littlearm)

.debug_info     0x00000000    0x12c11
 .debug_info    0x00000000     0x1145 ..\main.o
 .debug_info    0x00001145     0x12c5 Startup\__arm_start.o
 .debug_info    0x0000240a       0x58 Startup\__arm_end.o
 .debug_info    0x00002462      0x57d Startup\kinetis_sysinit.o
 .debug_info    0x000029df      0x335 Libraries\FEHMotor.o
 .debug_info    0x00002d14      0x250 Drivers\i2c.o
 .debug_info    0x00002f64      0x6cf Drivers\spi.o
 .debug_info    0x00003633      0x59c Drivers\uart.o
 .debug_info    0x00003bcf     0x1da0 Drivers\ff.o
 .debug_info    0x0000596f      0xf1d Drivers\SDHC.o
 .debug_info    0x0000688c      0x2de Drivers\lptmr.o
 .debug_info    0x00006b6a      0x1a7 FEHProteus.o
 .debug_info    0x00006d11      0x722 Drivers\FEHPropeller.o
 .debug_info    0x00007433      0x36c Libraries\FEHUtility.o
 .debug_info    0x0000779f     0x1c6a Libraries\FEHIO.o
 .debug_info    0x00009409      0x4ab Drivers\adc16.o
 .debug_info    0x000098b4      0xa42 Libraries\FEHBuzzer.o
 .debug_info    0x0000a2f6     0x2c25 Libraries\FEHLCD.o
 .debug_info    0x0000cf1b      0x26a Libraries\FEHAccel.o
 .debug_info    0x0000d185      0x3a9 Libraries\FEHBattery.o
 .debug_info    0x0000d52e      0xac3 Drivers\FEHXBee.o
 .debug_info    0x0000dff1     0x1985 Libraries\FEHRPS.o
 .debug_info    0x0000f976     0x1242 Libraries\FEHSD.o
 .debug_info    0x00010bb8      0x11f C:\fehqt\Proteus/EWL/lib/armv7e-m\libc.a(sprintf.o)
 .debug_info    0x00010cd7      0x206 C:\fehqt\Proteus/EWL/lib/armv7e-m\libc.a(vsnprintf.o)
 .debug_info    0x00010edd      0x103 C:\fehqt\Proteus/EWL/lib/armv7e-m\libc.a(exit.o)
 .debug_info    0x00010fe0      0x113 C:\fehqt\Proteus/EWL/lib/armv7e-m\libc.a(memcpy.o)
 .debug_info    0x000110f3       0xf4 C:\fehqt\Proteus/EWL/lib/armv7e-m\libc.a(memset.o)
 .debug_info    0x000111e7       0xf3 C:\fehqt\Proteus/EWL/lib/armv7e-m\libc.a(strlen.o)
 .debug_info    0x000112da      0x512 C:\fehqt\Proteus/EWL/lib/armv7e-m\libc.a(printformat_.o)
 .debug_info    0x000117ec      0x564 C:\fehqt\Proteus/EWL/lib/armv7e-m\libc.a(scanformat_.o)
 .debug_info    0x00011d50      0x32a C:\fehqt\Proteus/EWL/lib/armv7e-m\libc.a(ctype_aeabi.o)
 .debug_info    0x0001207a      0x1d7 C:\fehqt\Proteus/EWL/lib/armv7e-m\libc.a(__strtoul.o)
 .debug_info    0x00012251      0x13d C:\fehqt\Proteus/EWL/lib/armv7e-m\libc.a(__filll_mem.o)
 .debug_info    0x0001238e      0x129 C:\fehqt\Proteus/EWL/lib/armv7e-m\libc.a(memchr.o)
 .debug_info    0x000124b7      0x110 C:\fehqt\Proteus/EWL/lib/armv7e-m\libc.a(strchr.o)
 .debug_info    0x000125c7      0x1c0 C:\fehqt\Proteus/EWL/lib/armv7e-m\librt.a(gcc_ctor_dtor.o)
 .debug_info    0x00012787      0x1b8 C:\fehqt\Proteus/EWL/lib/armv7e-m\librt.a(ROMCopy.o)
 .debug_info    0x0001293f      0x2d2 C:\fehqt\Proteus/EWL/lib/armv7e-m\librt.a(__arm_eabi_init.o)

.debug_abbrev   0x00000000     0x3a6d
 .debug_abbrev  0x00000000      0x2a6 ..\main.o
 .debug_abbrev  0x000002a6      0x28f Startup\__arm_start.o
 .debug_abbrev  0x00000535       0x45 Startup\__arm_end.o
 .debug_abbrev  0x0000057a      0x18a Startup\kinetis_sysinit.o
 .debug_abbrev  0x00000704      0x18c Libraries\FEHMotor.o
 .debug_abbrev  0x00000890       0xfc Drivers\i2c.o
 .debug_abbrev  0x0000098c      0x18b Drivers\spi.o
 .debug_abbrev  0x00000b17      0x15f Drivers\uart.o
 .debug_abbrev  0x00000c76      0x18f Drivers\ff.o
 .debug_abbrev  0x00000e05      0x223 Drivers\SDHC.o
 .debug_abbrev  0x00001028       0xd2 Drivers\lptmr.o
 .debug_abbrev  0x000010fa      0x101 FEHProteus.o
 .debug_abbrev  0x000011fb      0x1c6 Drivers\FEHPropeller.o
 .debug_abbrev  0x000013c1      0x154 Libraries\FEHUtility.o
 .debug_abbrev  0x00001515      0x448 Libraries\FEHIO.o
 .debug_abbrev  0x0000195d      0x12a Drivers\adc16.o
 .debug_abbrev  0x00001a87      0x1da Libraries\FEHBuzzer.o
 .debug_abbrev  0x00001c61      0x38c Libraries\FEHLCD.o
 .debug_abbrev  0x00001fed      0x13b Libraries\FEHAccel.o
 .debug_abbrev  0x00002128      0x1cb Libraries\FEHBattery.o
 .debug_abbrev  0x000022f3      0x231 Drivers\FEHXBee.o
 .debug_abbrev  0x00002524      0x37f Libraries\FEHRPS.o
 .debug_abbrev  0x000028a3      0x33a Libraries\FEHSD.o
 .debug_abbrev  0x00002bdd       0xb5 C:\fehqt\Proteus/EWL/lib/armv7e-m\libc.a(sprintf.o)
 .debug_abbrev  0x00002c92       0xf4 C:\fehqt\Proteus/EWL/lib/armv7e-m\libc.a(vsnprintf.o)
 .debug_abbrev  0x00002d86       0x8f C:\fehqt\Proteus/EWL/lib/armv7e-m\libc.a(exit.o)
 .debug_abbrev  0x00002e15       0x97 C:\fehqt\Proteus/EWL/lib/armv7e-m\libc.a(memcpy.o)
 .debug_abbrev  0x00002eac       0x66 C:\fehqt\Proteus/EWL/lib/armv7e-m\libc.a(memset.o)
 .debug_abbrev  0x00002f12       0x7e C:\fehqt\Proteus/EWL/lib/armv7e-m\libc.a(strlen.o)
 .debug_abbrev  0x00002f90      0x204 C:\fehqt\Proteus/EWL/lib/armv7e-m\libc.a(printformat_.o)
 .debug_abbrev  0x00003194      0x1fb C:\fehqt\Proteus/EWL/lib/armv7e-m\libc.a(scanformat_.o)
 .debug_abbrev  0x0000338f       0x9a C:\fehqt\Proteus/EWL/lib/armv7e-m\libc.a(ctype_aeabi.o)
 .debug_abbrev  0x00003429       0xc6 C:\fehqt\Proteus/EWL/lib/armv7e-m\libc.a(__strtoul.o)
 .debug_abbrev  0x000034ef       0x8b C:\fehqt\Proteus/EWL/lib/armv7e-m\libc.a(__filll_mem.o)
 .debug_abbrev  0x0000357a       0x99 C:\fehqt\Proteus/EWL/lib/armv7e-m\libc.a(memchr.o)
 .debug_abbrev  0x00003613       0x8d C:\fehqt\Proteus/EWL/lib/armv7e-m\libc.a(strchr.o)
 .debug_abbrev  0x000036a0       0x9d C:\fehqt\Proteus/EWL/lib/armv7e-m\librt.a(gcc_ctor_dtor.o)
 .debug_abbrev  0x0000373d      0x160 C:\fehqt\Proteus/EWL/lib/armv7e-m\librt.a(ROMCopy.o)
 .debug_abbrev  0x0000389d      0x1d0 C:\fehqt\Proteus/EWL/lib/armv7e-m\librt.a(__arm_eabi_init.o)

.debug_loc      0x00000000     0x646e
 .debug_loc     0x00000000      0x1e0 ..\main.o
 .debug_loc     0x000001e0       0xb0 Startup\__arm_start.o
 .debug_loc     0x00000290       0x38 Startup\__arm_end.o
 .debug_loc     0x000002c8       0x84 Startup\kinetis_sysinit.o
 .debug_loc     0x0000034c       0xe0 Libraries\FEHMotor.o
 .debug_loc     0x0000042c       0xe0 Drivers\i2c.o
 .debug_loc     0x0000050c      0x19c Drivers\spi.o
 .debug_loc     0x000006a8       0xe0 Drivers\uart.o
 .debug_loc     0x00000788      0xa96 Drivers\ff.o
 .debug_loc     0x0000121e      0x370 Drivers\SDHC.o
 .debug_loc     0x0000158e       0x38 Drivers\lptmr.o
 .debug_loc     0x000015c6       0x64 FEHProteus.o
 .debug_loc     0x0000162a      0x118 Drivers\FEHPropeller.o
 .debug_loc     0x00001742      0x1a8 Libraries\FEHUtility.o
 .debug_loc     0x000018ea      0x8d6 Libraries\FEHIO.o
 .debug_loc     0x000021c0       0xa8 Drivers\adc16.o
 .debug_loc     0x00002268      0x304 Libraries\FEHBuzzer.o
 .debug_loc     0x0000256c     0x1147 Libraries\FEHLCD.o
 .debug_loc     0x000036b3      0x144 Libraries\FEHAccel.o
 .debug_loc     0x000037f7       0xd4 Libraries\FEHBattery.o
 .debug_loc     0x000038cb      0x1c0 Drivers\FEHXBee.o
 .debug_loc     0x00003a8b      0x3b0 Libraries\FEHRPS.o
 .debug_loc     0x00003e3b      0x188 Libraries\FEHSD.o
 .debug_loc     0x00003fc3       0x3f C:\fehqt\Proteus/EWL/lib/armv7e-m\libc.a(sprintf.o)
 .debug_loc     0x00004002      0x105 C:\fehqt\Proteus/EWL/lib/armv7e-m\libc.a(vsnprintf.o)
 .debug_loc     0x00004107       0x3e C:\fehqt\Proteus/EWL/lib/armv7e-m\libc.a(exit.o)
 .debug_loc     0x00004145       0x46 C:\fehqt\Proteus/EWL/lib/armv7e-m\libc.a(memcpy.o)
 .debug_loc     0x0000418b       0x64 C:\fehqt\Proteus/EWL/lib/armv7e-m\libc.a(memset.o)
 .debug_loc     0x000041ef       0x31 C:\fehqt\Proteus/EWL/lib/armv7e-m\libc.a(strlen.o)
 .debug_loc     0x00004220     0x106f C:\fehqt\Proteus/EWL/lib/armv7e-m\libc.a(printformat_.o)
 .debug_loc     0x0000528f      0x8cb C:\fehqt\Proteus/EWL/lib/armv7e-m\libc.a(scanformat_.o)
 .debug_loc     0x00005b5a      0x18e C:\fehqt\Proteus/EWL/lib/armv7e-m\libc.a(ctype_aeabi.o)
 .debug_loc     0x00005ce8      0x2ad C:\fehqt\Proteus/EWL/lib/armv7e-m\libc.a(__strtoul.o)
 .debug_loc     0x00005f95      0x12c C:\fehqt\Proteus/EWL/lib/armv7e-m\libc.a(__filll_mem.o)
 .debug_loc     0x000060c1       0x82 C:\fehqt\Proteus/EWL/lib/armv7e-m\libc.a(memchr.o)
 .debug_loc     0x00006143       0x78 C:\fehqt\Proteus/EWL/lib/armv7e-m\libc.a(strchr.o)
 .debug_loc     0x000061bb       0xbe C:\fehqt\Proteus/EWL/lib/armv7e-m\librt.a(gcc_ctor_dtor.o)
 .debug_loc     0x00006279       0x9b C:\fehqt\Proteus/EWL/lib/armv7e-m\librt.a(ROMCopy.o)
 .debug_loc     0x00006314      0x15a C:\fehqt\Proteus/EWL/lib/armv7e-m\librt.a(__arm_eabi_init.o)

.debug_aranges  0x00000000      0xe40
 .debug_aranges
                0x00000000       0x60 ..\main.o
 .debug_aranges
                0x00000060       0x48 Startup\__arm_start.o
 .debug_aranges
                0x000000a8       0x20 Startup\__arm_end.o
 .debug_aranges
                0x000000c8       0x30 Startup\kinetis_sysinit.o
 .debug_aranges
                0x000000f8       0x38 Libraries\FEHMotor.o
 .debug_aranges
                0x00000130       0x38 Drivers\i2c.o
 .debug_aranges
                0x00000168       0x58 Drivers\spi.o
 .debug_aranges
                0x000001c0       0x38 Drivers\uart.o
 .debug_aranges
                0x000001f8      0x198 Drivers\ff.o
 .debug_aranges
                0x00000390       0x98 Drivers\SDHC.o
 .debug_aranges
                0x00000428       0x20 Drivers\lptmr.o
 .debug_aranges
                0x00000448       0x28 FEHProteus.o
 .debug_aranges
                0x00000470       0x40 Drivers\FEHPropeller.o
 .debug_aranges
                0x000004b0       0x58 Libraries\FEHUtility.o
 .debug_aranges
                0x00000508      0x160 Libraries\FEHIO.o
 .debug_aranges
                0x00000668       0x30 Drivers\adc16.o
 .debug_aranges
                0x00000698       0x88 Libraries\FEHBuzzer.o
 .debug_aranges
                0x00000720      0x290 Libraries\FEHLCD.o
 .debug_aranges
                0x000009b0       0x48 Libraries\FEHAccel.o
 .debug_aranges
                0x000009f8       0x38 Libraries\FEHBattery.o
 .debug_aranges
                0x00000a30       0x58 Drivers\FEHXBee.o
 .debug_aranges
                0x00000a88       0xa0 Libraries\FEHRPS.o
 .debug_aranges
                0x00000b28       0x50 Libraries\FEHSD.o
 .debug_aranges
                0x00000b78       0x20 C:\fehqt\Proteus/EWL/lib/armv7e-m\libc.a(sprintf.o)
 .debug_aranges
                0x00000b98       0x28 C:\fehqt\Proteus/EWL/lib/armv7e-m\libc.a(vsnprintf.o)
 .debug_aranges
                0x00000bc0       0x20 C:\fehqt\Proteus/EWL/lib/armv7e-m\libc.a(exit.o)
 .debug_aranges
                0x00000be0       0x20 C:\fehqt\Proteus/EWL/lib/armv7e-m\libc.a(memcpy.o)
 .debug_aranges
                0x00000c00       0x20 C:\fehqt\Proteus/EWL/lib/armv7e-m\libc.a(memset.o)
 .debug_aranges
                0x00000c20       0x20 C:\fehqt\Proteus/EWL/lib/armv7e-m\libc.a(strlen.o)
 .debug_aranges
                0x00000c40       0x28 C:\fehqt\Proteus/EWL/lib/armv7e-m\libc.a(printformat_.o)
 .debug_aranges
                0x00000c68       0x20 C:\fehqt\Proteus/EWL/lib/armv7e-m\libc.a(scanformat_.o)
 .debug_aranges
                0x00000c88       0x88 C:\fehqt\Proteus/EWL/lib/armv7e-m\libc.a(ctype_aeabi.o)
 .debug_aranges
                0x00000d10       0x20 C:\fehqt\Proteus/EWL/lib/armv7e-m\libc.a(__strtoul.o)
 .debug_aranges
                0x00000d30       0x20 C:\fehqt\Proteus/EWL/lib/armv7e-m\libc.a(__filll_mem.o)
 .debug_aranges
                0x00000d50       0x20 C:\fehqt\Proteus/EWL/lib/armv7e-m\libc.a(memchr.o)
 .debug_aranges
                0x00000d70       0x20 C:\fehqt\Proteus/EWL/lib/armv7e-m\libc.a(strchr.o)
 .debug_aranges
                0x00000d90       0x28 C:\fehqt\Proteus/EWL/lib/armv7e-m\librt.a(gcc_ctor_dtor.o)
 .debug_aranges
                0x00000db8       0x30 C:\fehqt\Proteus/EWL/lib/armv7e-m\librt.a(ROMCopy.o)
 .debug_aranges
                0x00000de8       0x58 C:\fehqt\Proteus/EWL/lib/armv7e-m\librt.a(__arm_eabi_init.o)

.debug_line     0x00000000     0x7563
 .debug_line    0x00000000      0x37d ..\main.o
 .debug_line    0x0000037d      0x3ad Startup\__arm_start.o
 .debug_line    0x0000072a      0x21a Startup\__arm_end.o
 .debug_line    0x00000944      0x283 Startup\kinetis_sysinit.o
 .debug_line    0x00000bc7      0x237 Libraries\FEHMotor.o
 .debug_line    0x00000dfe      0x2ad Drivers\i2c.o
 .debug_line    0x000010ab      0x295 Drivers\spi.o
 .debug_line    0x00001340      0x212 Drivers\uart.o
 .debug_line    0x00001552     0x1114 Drivers\ff.o
 .debug_line    0x00002666      0x678 Drivers\SDHC.o
 .debug_line    0x00002cde      0x1c0 Drivers\lptmr.o
 .debug_line    0x00002e9e      0x1da FEHProteus.o
 .debug_line    0x00003078      0x264 Drivers\FEHPropeller.o
 .debug_line    0x000032dc      0x282 Libraries\FEHUtility.o
 .debug_line    0x0000355e      0x6ee Libraries\FEHIO.o
 .debug_line    0x00003c4c      0x20f Drivers\adc16.o
 .debug_line    0x00003e5b      0x2df Libraries\FEHBuzzer.o
 .debug_line    0x0000413a     0x1151 Libraries\FEHLCD.o
 .debug_line    0x0000528b      0x23f Libraries\FEHAccel.o
 .debug_line    0x000054ca      0x218 Libraries\FEHBattery.o
 .debug_line    0x000056e2      0x349 Drivers\FEHXBee.o
 .debug_line    0x00005a2b      0x6e9 Libraries\FEHRPS.o
 .debug_line    0x00006114      0x334 Libraries\FEHSD.o
 .debug_line    0x00006448       0x94 C:\fehqt\Proteus/EWL/lib/armv7e-m\libc.a(sprintf.o)
 .debug_line    0x000064dc       0xd2 C:\fehqt\Proteus/EWL/lib/armv7e-m\libc.a(vsnprintf.o)
 .debug_line    0x000065ae       0x94 C:\fehqt\Proteus/EWL/lib/armv7e-m\libc.a(exit.o)
 .debug_line    0x00006642       0x8d C:\fehqt\Proteus/EWL/lib/armv7e-m\libc.a(memcpy.o)
 .debug_line    0x000066cf       0x8f C:\fehqt\Proteus/EWL/lib/armv7e-m\libc.a(memset.o)
 .debug_line    0x0000675e       0x89 C:\fehqt\Proteus/EWL/lib/armv7e-m\libc.a(strlen.o)
 .debug_line    0x000067e7      0x2c6 C:\fehqt\Proteus/EWL/lib/armv7e-m\libc.a(printformat_.o)
 .debug_line    0x00006aad      0x2e3 C:\fehqt\Proteus/EWL/lib/armv7e-m\libc.a(scanformat_.o)
 .debug_line    0x00006d90      0x1dd C:\fehqt\Proteus/EWL/lib/armv7e-m\libc.a(ctype_aeabi.o)
 .debug_line    0x00006f6d      0x141 C:\fehqt\Proteus/EWL/lib/armv7e-m\libc.a(__strtoul.o)
 .debug_line    0x000070ae      0x121 C:\fehqt\Proteus/EWL/lib/armv7e-m\libc.a(__filll_mem.o)
 .debug_line    0x000071cf       0xa3 C:\fehqt\Proteus/EWL/lib/armv7e-m\libc.a(memchr.o)
 .debug_line    0x00007272       0x84 C:\fehqt\Proteus/EWL/lib/armv7e-m\libc.a(strchr.o)
 .debug_line    0x000072f6       0x94 C:\fehqt\Proteus/EWL/lib/armv7e-m\librt.a(gcc_ctor_dtor.o)
 .debug_line    0x0000738a       0xc0 C:\fehqt\Proteus/EWL/lib/armv7e-m\librt.a(ROMCopy.o)
 .debug_line    0x0000744a      0x119 C:\fehqt\Proteus/EWL/lib/armv7e-m\librt.a(__arm_eabi_init.o)

.debug_macinfo  0x00000000   0x836b68
 .debug_macinfo
                0x00000000    0x643fe ..\main.o
 .debug_macinfo
                0x000643fe    0x647fb Startup\__arm_start.o
 .debug_macinfo
                0x000c8bf9     0x3464 Startup\__arm_end.o
 .debug_macinfo
                0x000cc05d    0x64cce Startup\kinetis_sysinit.o
 .debug_macinfo
                0x00130d2b    0x6305c Libraries\FEHMotor.o
 .debug_macinfo
                0x00193d87    0x6318f Drivers\i2c.o
 .debug_macinfo
                0x001f6f16    0x62fd6 Drivers\spi.o
 .debug_macinfo
                0x00259eec    0x62fc7 Drivers\uart.o
 .debug_macinfo
                0x002bceb3     0x4396 Drivers\ff.o
 .debug_macinfo
                0x002c1249    0x6452b Drivers\SDHC.o
 .debug_macinfo
                0x00325774    0x63036 Drivers\lptmr.o
 .debug_macinfo
                0x003887aa    0x62fdc FEHProteus.o
 .debug_macinfo
                0x003eb786    0x63085 Drivers\FEHPropeller.o
 .debug_macinfo
                0x0044e80b    0x62ff1 Libraries\FEHUtility.o
 .debug_macinfo
                0x004b17fc    0x64348 Libraries\FEHIO.o
 .debug_macinfo
                0x00515b44    0x63678 Drivers\adc16.o
 .debug_macinfo
                0x005791bc    0x6301e Libraries\FEHBuzzer.o
 .debug_macinfo
                0x005dc1da    0x649ab Libraries\FEHLCD.o
 .debug_macinfo
                0x00640b85    0x631be Libraries\FEHAccel.o
 .debug_macinfo
                0x006a3d43    0x636a3 Libraries\FEHBattery.o
 .debug_macinfo
                0x007073e6    0x63d5d Drivers\FEHXBee.o
 .debug_macinfo
                0x0076b143    0x66194 Libraries\FEHRPS.o
 .debug_macinfo
                0x007d12d7    0x65891 Libraries\FEHSD.o

.debug_str      0x00000000     0x4a99
 .debug_str     0x00000000      0xf39 ..\main.o
                                0xfed (size before relaxing)
 .debug_str     0x00000f39      0x397 Startup\__arm_start.o
                                0xe60 (size before relaxing)
 .debug_str     0x000012d0       0x23 Startup\__arm_end.o
                                 0xb4 (size before relaxing)
 .debug_str     0x000012f3      0x1d6 Startup\kinetis_sysinit.o
                                0x35f (size before relaxing)
 .debug_str     0x000014c9       0x2f Libraries\FEHMotor.o
                                0x2d2 (size before relaxing)
 .debug_str     0x000014f8      0x11a Drivers\i2c.o
                                0x1fb (size before relaxing)
 .debug_str     0x00001612      0x18b Drivers\spi.o
                                0x3b4 (size before relaxing)
 .debug_str     0x0000179d      0x188 Drivers\uart.o
                                0x349 (size before relaxing)
 .debug_str     0x00001925      0x6b5 Drivers\ff.o
                                0x84c (size before relaxing)
 .debug_str     0x00001fda      0x546 Drivers\SDHC.o
                                0x822 (size before relaxing)
 .debug_str     0x00002520       0x5a Drivers\lptmr.o
                                0x202 (size before relaxing)
 .debug_str     0x0000257a       0x28 FEHProteus.o
                                0x24e (size before relaxing)
 .debug_str     0x000025a2       0x25 Drivers\FEHPropeller.o
                                0x38f (size before relaxing)
 .debug_str     0x000025c7       0xc0 Libraries\FEHUtility.o
                                0x1d3 (size before relaxing)
 .debug_str     0x00002687      0xd51 Libraries\FEHIO.o
                               0x12a4 (size before relaxing)
 .debug_str     0x000033d8       0xd7 Drivers\adc16.o
                                0x293 (size before relaxing)
 .debug_str     0x000034af      0x1ba Libraries\FEHBuzzer.o
                                0x3a5 (size before relaxing)
 .debug_str     0x00003669      0x471 Libraries\FEHLCD.o
                               0x1106 (size before relaxing)
 .debug_str     0x00003ada       0x68 Libraries\FEHAccel.o
                                0x197 (size before relaxing)
 .debug_str     0x00003b42       0x5d Libraries\FEHBattery.o
                                0x358 (size before relaxing)
 .debug_str     0x00003b9f      0x1f6 Drivers\FEHXBee.o
                                0x53e (size before relaxing)
 .debug_str     0x00003d95      0x33f Libraries\FEHRPS.o
                               0x14cf (size before relaxing)
 .debug_str     0x000040d4       0x75 Libraries\FEHSD.o
                                0xf23 (size before relaxing)
 .debug_str     0x00004149       0xab C:\fehqt\Proteus/EWL/lib/armv7e-m\libc.a(sprintf.o)
                                0x15a (size before relaxing)
 .debug_str     0x000041f4       0x83 C:\fehqt\Proteus/EWL/lib/armv7e-m\libc.a(vsnprintf.o)
                                0x1c3 (size before relaxing)
 .debug_str     0x00004277       0x2e C:\fehqt\Proteus/EWL/lib/armv7e-m\libc.a(exit.o)
                                0x14e (size before relaxing)
 .debug_str     0x000042a5       0x1c C:\fehqt\Proteus/EWL/lib/armv7e-m\libc.a(memcpy.o)
                                0x138 (size before relaxing)
 .debug_str     0x000042c1       0x1c C:\fehqt\Proteus/EWL/lib/armv7e-m\libc.a(memset.o)
                                0x140 (size before relaxing)
 .debug_str     0x000042dd       0x24 C:\fehqt\Proteus/EWL/lib/armv7e-m\libc.a(strlen.o)
                                0x140 (size before relaxing)
 .debug_str     0x00004301      0x21a C:\fehqt\Proteus/EWL/lib/armv7e-m\libc.a(printformat_.o)
                                0x3aa (size before relaxing)
 .debug_str     0x0000451b      0x17b C:\fehqt\Proteus/EWL/lib/armv7e-m\libc.a(scanformat_.o)
                                0x3f0 (size before relaxing)
 .debug_str     0x00004696       0x9d C:\fehqt\Proteus/EWL/lib/armv7e-m\libc.a(ctype_aeabi.o)
                                0x1b3 (size before relaxing)
 .debug_str     0x00004733       0x55 C:\fehqt\Proteus/EWL/lib/armv7e-m\libc.a(__strtoul.o)
                                0x1f2 (size before relaxing)
 .debug_str     0x00004788       0x25 C:\fehqt\Proteus/EWL/lib/armv7e-m\libc.a(__filll_mem.o)
                                0x152 (size before relaxing)
 .debug_str     0x000047ad       0x1c C:\fehqt\Proteus/EWL/lib/armv7e-m\libc.a(memchr.o)
                                0x148 (size before relaxing)
 .debug_str     0x000047c9       0x1c C:\fehqt\Proteus/EWL/lib/armv7e-m\libc.a(strchr.o)
                                0x137 (size before relaxing)
 .debug_str     0x000047e5      0x126 C:\fehqt\Proteus/EWL/lib/armv7e-m\librt.a(gcc_ctor_dtor.o)
                                0x185 (size before relaxing)
 .debug_str     0x0000490b       0x9b C:\fehqt\Proteus/EWL/lib/armv7e-m\librt.a(ROMCopy.o)
                                0x140 (size before relaxing)
 .debug_str     0x000049a6       0xf3 C:\fehqt\Proteus/EWL/lib/armv7e-m\librt.a(__arm_eabi_init.o)
                                0x1ac (size before relaxing)

.comment        0x00000000       0x79
 .comment       0x00000000       0x79 ..\main.o
                                 0x7a (size before relaxing)
 .comment       0x00000000       0x7a Startup\__arm_start.o
 .comment       0x00000000       0x7a Startup\__arm_end.o
 .comment       0x00000000       0x7a Startup\kinetis_sysinit.o
 .comment       0x00000000       0x7a Libraries\FEHMotor.o
 .comment       0x00000000       0x7a Drivers\i2c.o
 .comment       0x00000000       0x7a Drivers\spi.o
 .comment       0x00000000       0x7a Drivers\uart.o
 .comment       0x00000000       0x7a Drivers\ff.o
 .comment       0x00000000       0x7a Drivers\SDHC.o
 .comment       0x00000000       0x7a Drivers\lptmr.o
 .comment       0x00000000       0x7a FEHProteus.o
 .comment       0x00000000       0x7a Drivers\FEHPropeller.o
 .comment       0x00000000       0x7a Libraries\FEHUtility.o
 .comment       0x00000000       0x7a Libraries\FEHIO.o
 .comment       0x00000000       0x7a Drivers\adc16.o
 .comment       0x00000000       0x7a Libraries\FEHBuzzer.o
 .comment       0x00000000       0x7a Libraries\FEHLCD.o
 .comment       0x00000000       0x7a Libraries\FEHAccel.o
 .comment       0x00000000       0x7a Libraries\FEHBattery.o
 .comment       0x00000000       0x7a Drivers\FEHXBee.o
 .comment       0x00000000       0x7a Libraries\FEHRPS.o
 .comment       0x00000000       0x7a Libraries\FEHSD.o
 .comment       0x00000000       0x7a C:\fehqt\Proteus/EWL/lib/armv7e-m\libc.a(sprintf.o)
 .comment       0x00000000       0x7a C:\fehqt\Proteus/EWL/lib/armv7e-m\libc.a(vsnprintf.o)
 .comment       0x00000000       0x7a C:\fehqt\Proteus/EWL/lib/armv7e-m\libc.a(exit.o)
 .comment       0x00000000       0x7a C:\fehqt\Proteus/EWL/lib/armv7e-m\libc.a(memcpy.o)
 .comment       0x00000000       0x7a C:\fehqt\Proteus/EWL/lib/armv7e-m\libc.a(memset.o)
 .comment       0x00000000       0x7a C:\fehqt\Proteus/EWL/lib/armv7e-m\libc.a(strlen.o)
 .comment       0x00000000       0x7a C:\fehqt\Proteus/EWL/lib/armv7e-m\libc.a(printformat_.o)
 .comment       0x00000000       0x7a C:\fehqt\Proteus/EWL/lib/armv7e-m\libc.a(scanformat_.o)
 .comment       0x00000000       0x7a C:\fehqt\Proteus/EWL/lib/armv7e-m\libc.a(ctype_aeabi.o)
 .comment       0x00000000       0x7a C:\fehqt\Proteus/EWL/lib/armv7e-m\libc.a(__strtoul.o)
 .comment       0x00000000       0x7a C:\fehqt\Proteus/EWL/lib/armv7e-m\libc.a(__filll_mem.o)
 .comment       0x00000000       0x7a C:\fehqt\Proteus/EWL/lib/armv7e-m\libc.a(memchr.o)
 .comment       0x00000000       0x7a C:\fehqt\Proteus/EWL/lib/armv7e-m\libc.a(strchr.o)
 .comment       0x00000000       0x7a C:\fehqt\Proteus/EWL/lib/armv7e-m\librt.a(gcc_ctor_dtor.o)
 .comment       0x00000000       0x7a C:\fehqt\Proteus/EWL/lib/armv7e-m\librt.a(ROMCopy.o)
 .comment       0x00000000       0x7a C:\fehqt\Proteus/EWL/lib/armv7e-m\librt.a(__arm_eabi_init.o)

.debug_frame    0x00000000     0x2994
 .debug_frame   0x00000000      0x12c ..\main.o
 .debug_frame   0x0000012c       0x98 Startup\__arm_start.o
 .debug_frame   0x000001c4       0x2c Startup\__arm_end.o
 .debug_frame   0x000001f0       0x5c Startup\kinetis_sysinit.o
 .debug_frame   0x0000024c       0x94 Libraries\FEHMotor.o
 .debug_frame   0x000002e0       0x88 Drivers\i2c.o
 .debug_frame   0x00000368       0xf8 Drivers\spi.o
 .debug_frame   0x00000460       0x84 Drivers\uart.o
 .debug_frame   0x000004e4      0x5e8 Drivers\ff.o
 .debug_frame   0x00000acc      0x1e8 Drivers\SDHC.o
 .debug_frame   0x00000cb4       0x2c Drivers\lptmr.o
 .debug_frame   0x00000ce0       0x4c FEHProteus.o
 .debug_frame   0x00000d2c       0xa8 Drivers\FEHPropeller.o
 .debug_frame   0x00000dd4       0xf8 Libraries\FEHUtility.o
 .debug_frame   0x00000ecc      0x4e8 Libraries\FEHIO.o
 .debug_frame   0x000013b4       0x64 Drivers\adc16.o
 .debug_frame   0x00001418      0x1c8 Libraries\FEHBuzzer.o
 .debug_frame   0x000015e0      0x9c0 Libraries\FEHLCD.o
 .debug_frame   0x00001fa0       0xd8 Libraries\FEHAccel.o
 .debug_frame   0x00002078       0x8c Libraries\FEHBattery.o
 .debug_frame   0x00002104       0xfc Drivers\FEHXBee.o
 .debug_frame   0x00002200      0x210 Libraries\FEHRPS.o
 .debug_frame   0x00002410       0xf0 Libraries\FEHSD.o
 .debug_frame   0x00002500       0x34 C:\fehqt\Proteus/EWL/lib/armv7e-m\libc.a(sprintf.o)
 .debug_frame   0x00002534       0x4c C:\fehqt\Proteus/EWL/lib/armv7e-m\libc.a(vsnprintf.o)
 .debug_frame   0x00002580       0x28 C:\fehqt\Proteus/EWL/lib/armv7e-m\libc.a(exit.o)
 .debug_frame   0x000025a8       0x28 C:\fehqt\Proteus/EWL/lib/armv7e-m\libc.a(memcpy.o)
 .debug_frame   0x000025d0       0x28 C:\fehqt\Proteus/EWL/lib/armv7e-m\libc.a(memset.o)
 .debug_frame   0x000025f8       0x20 C:\fehqt\Proteus/EWL/lib/armv7e-m\libc.a(strlen.o)
 .debug_frame   0x00002618       0x64 C:\fehqt\Proteus/EWL/lib/armv7e-m\libc.a(printformat_.o)
 .debug_frame   0x0000267c       0x3c C:\fehqt\Proteus/EWL/lib/armv7e-m\libc.a(scanformat_.o)
 .debug_frame   0x000026b8       0xf0 C:\fehqt\Proteus/EWL/lib/armv7e-m\libc.a(ctype_aeabi.o)
 .debug_frame   0x000027a8       0x3c C:\fehqt\Proteus/EWL/lib/armv7e-m\libc.a(__strtoul.o)
 .debug_frame   0x000027e4       0x2c C:\fehqt\Proteus/EWL/lib/armv7e-m\libc.a(__filll_mem.o)
 .debug_frame   0x00002810       0x28 C:\fehqt\Proteus/EWL/lib/armv7e-m\libc.a(memchr.o)
 .debug_frame   0x00002838       0x20 C:\fehqt\Proteus/EWL/lib/armv7e-m\libc.a(strchr.o)
 .debug_frame   0x00002858       0x48 C:\fehqt\Proteus/EWL/lib/armv7e-m\librt.a(gcc_ctor_dtor.o)
 .debug_frame   0x000028a0       0x48 C:\fehqt\Proteus/EWL/lib/armv7e-m\librt.a(ROMCopy.o)
 .debug_frame   0x000028e8       0xac C:\fehqt\Proteus/EWL/lib/armv7e-m\librt.a(__arm_eabi_init.o)
